LET FUNC ID LPAREN ID COLON ID RPAREN COLON ID BEGIN RETURN LPAREN ID RPAREN SEMI END SEMI IN ID LPAREN INTLIT RPAREN SEMI END
successful parse
