LET FUNC ID LPAREN ID COLON ID RPAREN BEGIN ID LPAREN ID RPAREN SEMI END SEMI IN ID LPAREN INTLIT RPAREN SEMI END
successful parse
