LET
VAR
ID
COMMA
ID
COLON
INT
ASSIGN
INTLIT
SEMI
IN
IF
LPAREN
ID
EQ
ID
RPAREN
THEN
ID
ASSIGN
ID

(Scanner error) Line: 5
a := b %<--- "%" does not begin a valid token.

INTLIT

(Parser error) Line: 5
a := b  2<---
Unexpected token found: INTLIT

SEMI
ENDIF
SEMI
ID
LPAREN
ID
RPAREN
SEMI
END
EOF

Unsuccessful parse