LET
TYPE
ID
EQ
ARRAY
LBRACK
INTLIT
RBRACK
OF
INT
SEMI
VAR
ID
COMMA
ID
COLON
ID
ASSIGN
INTLIT
SEMI
VAR
ID
COMMA
ID
COLON
INT
ASSIGN
INTLIT
SEMI
IN
FOR
ID
ASSIGN
INTLIT
TO
INTLIT
DO
ID
ASSIGN
ID
PLUS
ID
LBRACK
ID
RBRACK
MULT
ID
LBRACK
ID
RBRACK
SEMI
ENDDO
SEMI
ID
LPAREN
ID
RPAREN
SEMI
END
EOF

Successful parse