LET
FUNCTION
ID
LPAREN
ID
COLON
INT
RPAREN
COLON
INT
BEGIN
RETURN
LPAREN
ID
RPAREN
SEMI
END
SEMI
IN
ID
LPAREN
INTLIT
RPAREN
SEMI
END
EOF

Successful parse