LET
TYPE
ID
ASSIGN

(Parser error) Line: 2
type int_arr :=<---
Unexpected token found: ASSIGN
Expected token: EQ

ARRAY
LBRACK
INTLIT
RBRACK
OF
INT
SEMI
VAR
ID
COLON
ID
ASSIGN
INTLIT
SEMI
IN
FOR
ID
ASSIGN
INTLIT
TO
INTLIT
DO
ID
LBRACK
ID
RBRACK
ASSIGN
ID
LBRACK
ID
RBRACK
PLUS
ID
LBRACK
ID
MINUS
INTLIT
RBRACK
SEMI
ID
LPAREN
ID
LBRACK
ID
RBRACK
RPAREN
SEMI
ENDDO
SEMI
END
EOF

Unsuccessful parse